[2026-05-20T01:43:05.653+0000] {taskinstance.py:1956} INFO - Dependencies all met for dep_context=non-requeueable deps ti=<TaskInstance: music_processing.verify_metadata upload_599ab673-3dbc-4d5b-9308-ed137b2c850d [queued]>
[2026-05-20T01:43:05.659+0000] {taskinstance.py:1956} INFO - Dependencies all met for dep_context=requeueable deps ti=<TaskInstance: music_processing.verify_metadata upload_599ab673-3dbc-4d5b-9308-ed137b2c850d [queued]>
[2026-05-20T01:43:05.659+0000] {taskinstance.py:2170} INFO - Starting attempt 3 of 3
[2026-05-20T01:43:05.666+0000] {taskinstance.py:2191} INFO - Executing <Task(PythonOperator): verify_metadata> on 2026-05-20 01:39:01.621395+00:00
[2026-05-20T01:43:05.669+0000] {standard_task_runner.py:60} INFO - Started process 111 to run task
[2026-05-20T01:43:05.672+0000] {standard_task_runner.py:87} INFO - Running: ['airflow', 'tasks', 'run', 'music_processing', 'verify_metadata', 'upload_599ab673-3dbc-4d5b-9308-ed137b2c850d', '--job-id', '30', '--raw', '--subdir', 'DAGS_FOLDER/music_processing_dag.py', '--cfg-path', '/tmp/tmpv9afy0xd']
[2026-05-20T01:43:05.673+0000] {standard_task_runner.py:88} INFO - Job 30: Subtask verify_metadata
[2026-05-20T01:43:05.716+0000] {task_command.py:423} INFO - Running <TaskInstance: music_processing.verify_metadata upload_599ab673-3dbc-4d5b-9308-ed137b2c850d [running]> on host 82f4cab10e47
[2026-05-20T01:43:05.766+0000] {taskinstance.py:2480} INFO - Exporting env vars: AIRFLOW_CTX_DAG_OWNER='airflow' AIRFLOW_CTX_DAG_ID='music_processing' AIRFLOW_CTX_TASK_ID='verify_metadata' AIRFLOW_CTX_EXECUTION_DATE='2026-05-20T01:39:01.621395+00:00' AIRFLOW_CTX_TRY_NUMBER='3' AIRFLOW_CTX_DAG_RUN_ID='upload_599ab673-3dbc-4d5b-9308-ed137b2c850d'
[2026-05-20T01:43:05.766+0000] {music_processing_dag.py:72} INFO - Verifying metadata for track 599ab673-3dbc-4d5b-9308-ed137b2c850d, file tracks/599ab673-3dbc-4d5b-9308-ed137b2c850d/03 September.m4a
[2026-05-20T01:43:05.995+0000] {taskinstance.py:2698} ERROR - Task failed with exception
Traceback (most recent call last):
  File "/home/airflow/.local/lib/python3.8/site-packages/airflow/models/taskinstance.py", line 433, in _execute_task
    result = execute_callable(context=context, **execute_callable_kwargs)
  File "/home/airflow/.local/lib/python3.8/site-packages/airflow/operators/python.py", line 199, in execute
    return_value = self.execute_callable()
  File "/home/airflow/.local/lib/python3.8/site-packages/airflow/operators/python.py", line 216, in execute_callable
    return self.python_callable(*self.op_args, **self.op_kwargs)
  File "/opt/airflow/dags/music_processing_dag.py", line 83, in task_verify_metadata
    from mutagen import File as MutagenFile
ModuleNotFoundError: No module named 'mutagen'
[2026-05-20T01:43:06.003+0000] {taskinstance.py:1138} INFO - Marking task as FAILED. dag_id=music_processing, task_id=verify_metadata, execution_date=20260520T013901, start_date=20260520T014305, end_date=20260520T014306
[2026-05-20T01:43:06.010+0000] {standard_task_runner.py:107} ERROR - Failed to execute job 30 for task verify_metadata (No module named 'mutagen'; 111)
[2026-05-20T01:43:06.045+0000] {local_task_job_runner.py:234} INFO - Task exited with return code 1
[2026-05-20T01:43:06.060+0000] {taskinstance.py:3280} INFO - 0 downstream tasks scheduled from follow-on schedule check
