[2026-05-22T03:15:24.313+0000] {taskinstance.py:1956} INFO - Dependencies all met for dep_context=non-requeueable deps ti=<TaskInstance: music_processing.verify_metadata upload_526b09a4-1b88-46fd-9a3f-7ac1be6d7a11 [queued]>
[2026-05-22T03:15:24.320+0000] {taskinstance.py:1956} INFO - Dependencies all met for dep_context=requeueable deps ti=<TaskInstance: music_processing.verify_metadata upload_526b09a4-1b88-46fd-9a3f-7ac1be6d7a11 [queued]>
[2026-05-22T03:15:24.320+0000] {taskinstance.py:2170} INFO - Starting attempt 3 of 3
[2026-05-22T03:15:24.330+0000] {taskinstance.py:2191} INFO - Executing <Task(PythonOperator): verify_metadata> on 2026-05-22 03:11:22.068343+00:00
[2026-05-22T03:15:24.334+0000] {standard_task_runner.py:60} INFO - Started process 75 to run task
[2026-05-22T03:15:24.337+0000] {standard_task_runner.py:87} INFO - Running: ['airflow', 'tasks', 'run', 'music_processing', 'verify_metadata', 'upload_526b09a4-1b88-46fd-9a3f-7ac1be6d7a11', '--job-id', '53', '--raw', '--subdir', 'DAGS_FOLDER/music_processing_dag.py', '--cfg-path', '/tmp/tmp62enedif']
[2026-05-22T03:15:24.338+0000] {standard_task_runner.py:88} INFO - Job 53: Subtask verify_metadata
[2026-05-22T03:15:24.386+0000] {task_command.py:423} INFO - Running <TaskInstance: music_processing.verify_metadata upload_526b09a4-1b88-46fd-9a3f-7ac1be6d7a11 [running]> on host 82f4cab10e47
[2026-05-22T03:15:24.448+0000] {taskinstance.py:2480} INFO - Exporting env vars: AIRFLOW_CTX_DAG_OWNER='airflow' AIRFLOW_CTX_DAG_ID='music_processing' AIRFLOW_CTX_TASK_ID='verify_metadata' AIRFLOW_CTX_EXECUTION_DATE='2026-05-22T03:11:22.068343+00:00' AIRFLOW_CTX_TRY_NUMBER='3' AIRFLOW_CTX_DAG_RUN_ID='upload_526b09a4-1b88-46fd-9a3f-7ac1be6d7a11'
[2026-05-22T03:15:24.449+0000] {music_processing_dag.py:72} INFO - Verifying metadata for track 526b09a4-1b88-46fd-9a3f-7ac1be6d7a11, file tracks/526b09a4-1b88-46fd-9a3f-7ac1be6d7a11/04 Is You Down.m4a
[2026-05-22T03:15:24.759+0000] {taskinstance.py:2698} ERROR - Task failed with exception
Traceback (most recent call last):
  File "/home/airflow/.local/lib/python3.8/site-packages/airflow/models/taskinstance.py", line 433, in _execute_task
    result = execute_callable(context=context, **execute_callable_kwargs)
  File "/home/airflow/.local/lib/python3.8/site-packages/airflow/operators/python.py", line 199, in execute
    return_value = self.execute_callable()
  File "/home/airflow/.local/lib/python3.8/site-packages/airflow/operators/python.py", line 216, in execute_callable
    return self.python_callable(*self.op_args, **self.op_kwargs)
  File "/opt/airflow/dags/music_processing_dag.py", line 83, in task_verify_metadata
    from mutagen import File as MutagenFile
ModuleNotFoundError: No module named 'mutagen'
[2026-05-22T03:15:24.771+0000] {taskinstance.py:1138} INFO - Marking task as FAILED. dag_id=music_processing, task_id=verify_metadata, execution_date=20260522T031122, start_date=20260522T031524, end_date=20260522T031524
[2026-05-22T03:15:24.779+0000] {standard_task_runner.py:107} ERROR - Failed to execute job 53 for task verify_metadata (No module named 'mutagen'; 75)
[2026-05-22T03:15:24.790+0000] {local_task_job_runner.py:234} INFO - Task exited with return code 1
[2026-05-22T03:15:24.807+0000] {taskinstance.py:3280} INFO - 0 downstream tasks scheduled from follow-on schedule check
