[2026-05-20T01:18:29.075+0000] {taskinstance.py:1956} INFO - Dependencies all met for dep_context=non-requeueable deps ti=<TaskInstance: music_processing.verify_metadata upload_b27b2116-888c-48c0-b7bf-c35a7325b889 [queued]>
[2026-05-20T01:18:29.080+0000] {taskinstance.py:1956} INFO - Dependencies all met for dep_context=requeueable deps ti=<TaskInstance: music_processing.verify_metadata upload_b27b2116-888c-48c0-b7bf-c35a7325b889 [queued]>
[2026-05-20T01:18:29.080+0000] {taskinstance.py:2170} INFO - Starting attempt 2 of 3
[2026-05-20T01:18:29.087+0000] {taskinstance.py:2191} INFO - Executing <Task(PythonOperator): verify_metadata> on 2026-05-20 01:16:26.828765+00:00
[2026-05-20T01:18:29.090+0000] {standard_task_runner.py:60} INFO - Started process 97 to run task
[2026-05-20T01:18:29.093+0000] {standard_task_runner.py:87} INFO - Running: ['airflow', 'tasks', 'run', 'music_processing', 'verify_metadata', 'upload_b27b2116-888c-48c0-b7bf-c35a7325b889', '--job-id', '23', '--raw', '--subdir', 'DAGS_FOLDER/music_processing_dag.py', '--cfg-path', '/tmp/tmpbaqk0vzi']
[2026-05-20T01:18:29.094+0000] {standard_task_runner.py:88} INFO - Job 23: Subtask verify_metadata
[2026-05-20T01:18:29.139+0000] {task_command.py:423} INFO - Running <TaskInstance: music_processing.verify_metadata upload_b27b2116-888c-48c0-b7bf-c35a7325b889 [running]> on host 82f4cab10e47
[2026-05-20T01:18:29.190+0000] {taskinstance.py:2480} INFO - Exporting env vars: AIRFLOW_CTX_DAG_OWNER='airflow' AIRFLOW_CTX_DAG_ID='music_processing' AIRFLOW_CTX_TASK_ID='verify_metadata' AIRFLOW_CTX_EXECUTION_DATE='2026-05-20T01:16:26.828765+00:00' AIRFLOW_CTX_TRY_NUMBER='2' AIRFLOW_CTX_DAG_RUN_ID='upload_b27b2116-888c-48c0-b7bf-c35a7325b889'
[2026-05-20T01:18:29.191+0000] {music_processing_dag.py:72} INFO - Verifying metadata for track b27b2116-888c-48c0-b7bf-c35a7325b889, file tracks/b27b2116-888c-48c0-b7bf-c35a7325b889/01 Hello.m4a
[2026-05-20T01:18:29.414+0000] {taskinstance.py:2698} ERROR - Task failed with exception
Traceback (most recent call last):
  File "/home/airflow/.local/lib/python3.8/site-packages/airflow/models/taskinstance.py", line 433, in _execute_task
    result = execute_callable(context=context, **execute_callable_kwargs)
  File "/home/airflow/.local/lib/python3.8/site-packages/airflow/operators/python.py", line 199, in execute
    return_value = self.execute_callable()
  File "/home/airflow/.local/lib/python3.8/site-packages/airflow/operators/python.py", line 216, in execute_callable
    return self.python_callable(*self.op_args, **self.op_kwargs)
  File "/opt/airflow/dags/music_processing_dag.py", line 83, in task_verify_metadata
    from mutagen import File as MutagenFile
ModuleNotFoundError: No module named 'mutagen'
[2026-05-20T01:18:29.423+0000] {taskinstance.py:1138} INFO - Marking task as UP_FOR_RETRY. dag_id=music_processing, task_id=verify_metadata, execution_date=20260520T011626, start_date=20260520T011829, end_date=20260520T011829
[2026-05-20T01:18:29.431+0000] {standard_task_runner.py:107} ERROR - Failed to execute job 23 for task verify_metadata (No module named 'mutagen'; 97)
[2026-05-20T01:18:29.466+0000] {local_task_job_runner.py:234} INFO - Task exited with return code 1
[2026-05-20T01:18:29.481+0000] {taskinstance.py:3280} INFO - 0 downstream tasks scheduled from follow-on schedule check
