[2026-05-20T00:44:12.930+0000] {taskinstance.py:1956} INFO - Dependencies all met for dep_context=non-requeueable deps ti=<TaskInstance: music_processing.verify_metadata upload_8d4d4798-e880-499e-a13e-53bf9bfdf9f6 [queued]>
[2026-05-20T00:44:12.935+0000] {taskinstance.py:1956} INFO - Dependencies all met for dep_context=requeueable deps ti=<TaskInstance: music_processing.verify_metadata upload_8d4d4798-e880-499e-a13e-53bf9bfdf9f6 [queued]>
[2026-05-20T00:44:12.935+0000] {taskinstance.py:2170} INFO - Starting attempt 2 of 3
[2026-05-20T00:44:12.943+0000] {taskinstance.py:2191} INFO - Executing <Task(PythonOperator): verify_metadata> on 2026-05-20 00:42:11.534071+00:00
[2026-05-20T00:44:12.946+0000] {standard_task_runner.py:60} INFO - Started process 81 to run task
[2026-05-20T00:44:12.949+0000] {standard_task_runner.py:87} INFO - Running: ['airflow', 'tasks', 'run', 'music_processing', 'verify_metadata', 'upload_8d4d4798-e880-499e-a13e-53bf9bfdf9f6', '--job-id', '15', '--raw', '--subdir', 'DAGS_FOLDER/music_processing_dag.py', '--cfg-path', '/tmp/tmp_jxbud22']
[2026-05-20T00:44:12.950+0000] {standard_task_runner.py:88} INFO - Job 15: Subtask verify_metadata
[2026-05-20T00:44:12.997+0000] {task_command.py:423} INFO - Running <TaskInstance: music_processing.verify_metadata upload_8d4d4798-e880-499e-a13e-53bf9bfdf9f6 [running]> on host 82f4cab10e47
[2026-05-20T00:44:13.052+0000] {taskinstance.py:2480} INFO - Exporting env vars: AIRFLOW_CTX_DAG_OWNER='airflow' AIRFLOW_CTX_DAG_ID='music_processing' AIRFLOW_CTX_TASK_ID='verify_metadata' AIRFLOW_CTX_EXECUTION_DATE='2026-05-20T00:42:11.534071+00:00' AIRFLOW_CTX_TRY_NUMBER='2' AIRFLOW_CTX_DAG_RUN_ID='upload_8d4d4798-e880-499e-a13e-53bf9bfdf9f6'
[2026-05-20T00:44:13.053+0000] {music_processing_dag.py:72} INFO - Verifying metadata for track 8d4d4798-e880-499e-a13e-53bf9bfdf9f6, file tracks/8d4d4798-e880-499e-a13e-53bf9bfdf9f6/02 Jasmine.m4a
[2026-05-20T00:44:13.289+0000] {taskinstance.py:2698} ERROR - Task failed with exception
Traceback (most recent call last):
  File "/home/airflow/.local/lib/python3.8/site-packages/airflow/models/taskinstance.py", line 433, in _execute_task
    result = execute_callable(context=context, **execute_callable_kwargs)
  File "/home/airflow/.local/lib/python3.8/site-packages/airflow/operators/python.py", line 199, in execute
    return_value = self.execute_callable()
  File "/home/airflow/.local/lib/python3.8/site-packages/airflow/operators/python.py", line 216, in execute_callable
    return self.python_callable(*self.op_args, **self.op_kwargs)
  File "/opt/airflow/dags/music_processing_dag.py", line 83, in task_verify_metadata
    from mutagen import File as MutagenFile
ModuleNotFoundError: No module named 'mutagen'
[2026-05-20T00:44:13.298+0000] {taskinstance.py:1138} INFO - Marking task as UP_FOR_RETRY. dag_id=music_processing, task_id=verify_metadata, execution_date=20260520T004211, start_date=20260520T004412, end_date=20260520T004413
[2026-05-20T00:44:13.308+0000] {standard_task_runner.py:107} ERROR - Failed to execute job 15 for task verify_metadata (No module named 'mutagen'; 81)
[2026-05-20T00:44:13.322+0000] {local_task_job_runner.py:234} INFO - Task exited with return code 1
[2026-05-20T00:44:13.338+0000] {taskinstance.py:3280} INFO - 0 downstream tasks scheduled from follow-on schedule check
