[2026-05-20T05:10:49.973+0000] {taskinstance.py:1956} INFO - Dependencies all met for dep_context=non-requeueable deps ti=<TaskInstance: music_processing.verify_metadata upload_6ae8cda1-8201-4ebc-8693-f39f9f939dfb [queued]>
[2026-05-20T05:10:49.979+0000] {taskinstance.py:1956} INFO - Dependencies all met for dep_context=requeueable deps ti=<TaskInstance: music_processing.verify_metadata upload_6ae8cda1-8201-4ebc-8693-f39f9f939dfb [queued]>
[2026-05-20T05:10:49.980+0000] {taskinstance.py:2170} INFO - Starting attempt 1 of 3
[2026-05-20T05:10:49.987+0000] {taskinstance.py:2191} INFO - Executing <Task(PythonOperator): verify_metadata> on 2026-05-20 05:10:48.773546+00:00
[2026-05-20T05:10:49.991+0000] {standard_task_runner.py:60} INFO - Started process 119 to run task
[2026-05-20T05:10:49.993+0000] {standard_task_runner.py:87} INFO - Running: ['airflow', 'tasks', 'run', 'music_processing', 'verify_metadata', 'upload_6ae8cda1-8201-4ebc-8693-f39f9f939dfb', '--job-id', '34', '--raw', '--subdir', 'DAGS_FOLDER/music_processing_dag.py', '--cfg-path', '/tmp/tmpbi2lsfq6']
[2026-05-20T05:10:49.993+0000] {standard_task_runner.py:88} INFO - Job 34: Subtask verify_metadata
[2026-05-20T05:10:50.031+0000] {task_command.py:423} INFO - Running <TaskInstance: music_processing.verify_metadata upload_6ae8cda1-8201-4ebc-8693-f39f9f939dfb [running]> on host 82f4cab10e47
[2026-05-20T05:10:50.082+0000] {taskinstance.py:2480} INFO - Exporting env vars: AIRFLOW_CTX_DAG_OWNER='airflow' AIRFLOW_CTX_DAG_ID='music_processing' AIRFLOW_CTX_TASK_ID='verify_metadata' AIRFLOW_CTX_EXECUTION_DATE='2026-05-20T05:10:48.773546+00:00' AIRFLOW_CTX_TRY_NUMBER='1' AIRFLOW_CTX_DAG_RUN_ID='upload_6ae8cda1-8201-4ebc-8693-f39f9f939dfb'
[2026-05-20T05:10:50.083+0000] {music_processing_dag.py:72} INFO - Verifying metadata for track 6ae8cda1-8201-4ebc-8693-f39f9f939dfb, file tracks/6ae8cda1-8201-4ebc-8693-f39f9f939dfb/01 恋をしたのは.m4a
[2026-05-20T05:10:50.530+0000] {taskinstance.py:2698} ERROR - Task failed with exception
Traceback (most recent call last):
  File "/home/airflow/.local/lib/python3.8/site-packages/airflow/models/taskinstance.py", line 433, in _execute_task
    result = execute_callable(context=context, **execute_callable_kwargs)
  File "/home/airflow/.local/lib/python3.8/site-packages/airflow/operators/python.py", line 199, in execute
    return_value = self.execute_callable()
  File "/home/airflow/.local/lib/python3.8/site-packages/airflow/operators/python.py", line 216, in execute_callable
    return self.python_callable(*self.op_args, **self.op_kwargs)
  File "/opt/airflow/dags/music_processing_dag.py", line 83, in task_verify_metadata
    from mutagen import File as MutagenFile
ModuleNotFoundError: No module named 'mutagen'
[2026-05-20T05:10:50.538+0000] {taskinstance.py:1138} INFO - Marking task as UP_FOR_RETRY. dag_id=music_processing, task_id=verify_metadata, execution_date=20260520T051048, start_date=20260520T051049, end_date=20260520T051050
[2026-05-20T05:10:50.545+0000] {standard_task_runner.py:107} ERROR - Failed to execute job 34 for task verify_metadata (No module named 'mutagen'; 119)
[2026-05-20T05:10:50.567+0000] {local_task_job_runner.py:234} INFO - Task exited with return code 1
[2026-05-20T05:10:50.581+0000] {taskinstance.py:3280} INFO - 0 downstream tasks scheduled from follow-on schedule check
