[2026-05-19T11:17:04.910+0000] {processor.py:161} INFO - Started process (PID=41) to work on /opt/airflow/dags/music_processing_dag.py
[2026-05-19T11:17:04.911+0000] {processor.py:830} INFO - Processing file /opt/airflow/dags/music_processing_dag.py for tasks to queue
[2026-05-19T11:17:04.914+0000] {logging_mixin.py:188} INFO - [2026-05-19T11:17:04.913+0000] {dagbag.py:538} INFO - Filling up the DagBag from /opt/airflow/dags/music_processing_dag.py
[2026-05-19T11:17:04.940+0000] {processor.py:840} INFO - DAG(s) 'music_processing' retrieved from /opt/airflow/dags/music_processing_dag.py
[2026-05-19T11:17:04.961+0000] {logging_mixin.py:188} INFO - [2026-05-19T11:17:04.961+0000] {dag.py:3036} INFO - Sync 1 DAGs
[2026-05-19T11:17:04.970+0000] {logging_mixin.py:188} INFO - [2026-05-19T11:17:04.970+0000] {dag.py:3823} INFO - Setting next_dagrun for music_processing to None, run_after=None
[2026-05-19T11:17:04.984+0000] {processor.py:183} INFO - Processing /opt/airflow/dags/music_processing_dag.py took 0.077 seconds
[2026-05-19T11:17:35.183+0000] {processor.py:161} INFO - Started process (PID=42) to work on /opt/airflow/dags/music_processing_dag.py
[2026-05-19T11:17:35.184+0000] {processor.py:830} INFO - Processing file /opt/airflow/dags/music_processing_dag.py for tasks to queue
[2026-05-19T11:17:35.186+0000] {logging_mixin.py:188} INFO - [2026-05-19T11:17:35.186+0000] {dagbag.py:538} INFO - Filling up the DagBag from /opt/airflow/dags/music_processing_dag.py
[2026-05-19T11:17:35.203+0000] {processor.py:840} INFO - DAG(s) 'music_processing' retrieved from /opt/airflow/dags/music_processing_dag.py
[2026-05-19T11:17:35.332+0000] {logging_mixin.py:188} INFO - [2026-05-19T11:17:35.332+0000] {dag.py:3036} INFO - Sync 1 DAGs
[2026-05-19T11:17:35.341+0000] {logging_mixin.py:188} INFO - [2026-05-19T11:17:35.341+0000] {dag.py:3823} INFO - Setting next_dagrun for music_processing to None, run_after=None
[2026-05-19T11:17:35.359+0000] {processor.py:183} INFO - Processing /opt/airflow/dags/music_processing_dag.py took 0.180 seconds
[2026-05-19T11:18:05.394+0000] {processor.py:161} INFO - Started process (PID=43) to work on /opt/airflow/dags/music_processing_dag.py
[2026-05-19T11:18:05.394+0000] {processor.py:830} INFO - Processing file /opt/airflow/dags/music_processing_dag.py for tasks to queue
[2026-05-19T11:18:05.395+0000] {logging_mixin.py:188} INFO - [2026-05-19T11:18:05.395+0000] {dagbag.py:538} INFO - Filling up the DagBag from /opt/airflow/dags/music_processing_dag.py
[2026-05-19T11:18:05.409+0000] {processor.py:840} INFO - DAG(s) 'music_processing' retrieved from /opt/airflow/dags/music_processing_dag.py
[2026-05-19T11:18:05.435+0000] {logging_mixin.py:188} INFO - [2026-05-19T11:18:05.435+0000] {dag.py:3036} INFO - Sync 1 DAGs
[2026-05-19T11:18:05.444+0000] {logging_mixin.py:188} INFO - [2026-05-19T11:18:05.444+0000] {dag.py:3823} INFO - Setting next_dagrun for music_processing to None, run_after=None
[2026-05-19T11:18:05.461+0000] {processor.py:183} INFO - Processing /opt/airflow/dags/music_processing_dag.py took 0.069 seconds
[2026-05-19T11:18:35.597+0000] {processor.py:161} INFO - Started process (PID=44) to work on /opt/airflow/dags/music_processing_dag.py
[2026-05-19T11:18:35.598+0000] {processor.py:830} INFO - Processing file /opt/airflow/dags/music_processing_dag.py for tasks to queue
[2026-05-19T11:18:35.599+0000] {logging_mixin.py:188} INFO - [2026-05-19T11:18:35.599+0000] {dagbag.py:538} INFO - Filling up the DagBag from /opt/airflow/dags/music_processing_dag.py
[2026-05-19T11:18:35.613+0000] {processor.py:840} INFO - DAG(s) 'music_processing' retrieved from /opt/airflow/dags/music_processing_dag.py
[2026-05-19T11:18:35.677+0000] {logging_mixin.py:188} INFO - [2026-05-19T11:18:35.677+0000] {dag.py:3036} INFO - Sync 1 DAGs
[2026-05-19T11:18:35.696+0000] {logging_mixin.py:188} INFO - [2026-05-19T11:18:35.696+0000] {dag.py:3823} INFO - Setting next_dagrun for music_processing to None, run_after=None
[2026-05-19T11:18:35.718+0000] {processor.py:183} INFO - Processing /opt/airflow/dags/music_processing_dag.py took 0.123 seconds
[2026-05-19T11:19:05.998+0000] {processor.py:161} INFO - Started process (PID=45) to work on /opt/airflow/dags/music_processing_dag.py
[2026-05-19T11:19:05.999+0000] {processor.py:830} INFO - Processing file /opt/airflow/dags/music_processing_dag.py for tasks to queue
[2026-05-19T11:19:06.000+0000] {logging_mixin.py:188} INFO - [2026-05-19T11:19:06.000+0000] {dagbag.py:538} INFO - Filling up the DagBag from /opt/airflow/dags/music_processing_dag.py
[2026-05-19T11:19:06.013+0000] {processor.py:840} INFO - DAG(s) 'music_processing' retrieved from /opt/airflow/dags/music_processing_dag.py
[2026-05-19T11:19:06.041+0000] {logging_mixin.py:188} INFO - [2026-05-19T11:19:06.041+0000] {dag.py:3036} INFO - Sync 1 DAGs
[2026-05-19T11:19:06.050+0000] {logging_mixin.py:188} INFO - [2026-05-19T11:19:06.050+0000] {dag.py:3823} INFO - Setting next_dagrun for music_processing to None, run_after=None
[2026-05-19T11:19:06.062+0000] {processor.py:183} INFO - Processing /opt/airflow/dags/music_processing_dag.py took 0.065 seconds
[2026-05-19T11:19:36.296+0000] {processor.py:161} INFO - Started process (PID=46) to work on /opt/airflow/dags/music_processing_dag.py
[2026-05-19T11:19:36.297+0000] {processor.py:830} INFO - Processing file /opt/airflow/dags/music_processing_dag.py for tasks to queue
[2026-05-19T11:19:36.298+0000] {logging_mixin.py:188} INFO - [2026-05-19T11:19:36.298+0000] {dagbag.py:538} INFO - Filling up the DagBag from /opt/airflow/dags/music_processing_dag.py
[2026-05-19T11:19:36.313+0000] {processor.py:840} INFO - DAG(s) 'music_processing' retrieved from /opt/airflow/dags/music_processing_dag.py
[2026-05-19T11:19:36.350+0000] {logging_mixin.py:188} INFO - [2026-05-19T11:19:36.350+0000] {dag.py:3036} INFO - Sync 1 DAGs
[2026-05-19T11:19:36.358+0000] {logging_mixin.py:188} INFO - [2026-05-19T11:19:36.358+0000] {dag.py:3823} INFO - Setting next_dagrun for music_processing to None, run_after=None
[2026-05-19T11:19:36.371+0000] {processor.py:183} INFO - Processing /opt/airflow/dags/music_processing_dag.py took 0.078 seconds
