[2026-05-22T03:15:17.385+0000] {taskinstance.py:1956} INFO - Dependencies all met for dep_context=non-requeueable deps ti=<TaskInstance: music_processing.verify_metadata upload_b6483bff-b70e-438d-8381-dd868a0fc8d2 [queued]>
[2026-05-22T03:15:17.391+0000] {taskinstance.py:1956} INFO - Dependencies all met for dep_context=requeueable deps ti=<TaskInstance: music_processing.verify_metadata upload_b6483bff-b70e-438d-8381-dd868a0fc8d2 [queued]>
[2026-05-22T03:15:17.392+0000] {taskinstance.py:2170} INFO - Starting attempt 3 of 3
[2026-05-22T03:15:17.398+0000] {taskinstance.py:2191} INFO - Executing <Task(PythonOperator): verify_metadata> on 2026-05-22 03:11:13.188920+00:00
[2026-05-22T03:15:17.402+0000] {standard_task_runner.py:60} INFO - Started process 73 to run task
[2026-05-22T03:15:17.405+0000] {standard_task_runner.py:87} INFO - Running: ['airflow', 'tasks', 'run', 'music_processing', 'verify_metadata', 'upload_b6483bff-b70e-438d-8381-dd868a0fc8d2', '--job-id', '52', '--raw', '--subdir', 'DAGS_FOLDER/music_processing_dag.py', '--cfg-path', '/tmp/tmpupyh7bhc']
[2026-05-22T03:15:17.406+0000] {standard_task_runner.py:88} INFO - Job 52: Subtask verify_metadata
[2026-05-22T03:15:17.452+0000] {task_command.py:423} INFO - Running <TaskInstance: music_processing.verify_metadata upload_b6483bff-b70e-438d-8381-dd868a0fc8d2 [running]> on host 82f4cab10e47
[2026-05-22T03:15:17.514+0000] {taskinstance.py:2480} INFO - Exporting env vars: AIRFLOW_CTX_DAG_OWNER='airflow' AIRFLOW_CTX_DAG_ID='music_processing' AIRFLOW_CTX_TASK_ID='verify_metadata' AIRFLOW_CTX_EXECUTION_DATE='2026-05-22T03:11:13.188920+00:00' AIRFLOW_CTX_TRY_NUMBER='3' AIRFLOW_CTX_DAG_RUN_ID='upload_b6483bff-b70e-438d-8381-dd868a0fc8d2'
[2026-05-22T03:15:17.515+0000] {music_processing_dag.py:72} INFO - Verifying metadata for track b6483bff-b70e-438d-8381-dd868a0fc8d2, file tracks/b6483bff-b70e-438d-8381-dd868a0fc8d2/03 Text Me.m4a
[2026-05-22T03:15:17.763+0000] {taskinstance.py:2698} ERROR - Task failed with exception
Traceback (most recent call last):
  File "/home/airflow/.local/lib/python3.8/site-packages/airflow/models/taskinstance.py", line 433, in _execute_task
    result = execute_callable(context=context, **execute_callable_kwargs)
  File "/home/airflow/.local/lib/python3.8/site-packages/airflow/operators/python.py", line 199, in execute
    return_value = self.execute_callable()
  File "/home/airflow/.local/lib/python3.8/site-packages/airflow/operators/python.py", line 216, in execute_callable
    return self.python_callable(*self.op_args, **self.op_kwargs)
  File "/opt/airflow/dags/music_processing_dag.py", line 83, in task_verify_metadata
    from mutagen import File as MutagenFile
ModuleNotFoundError: No module named 'mutagen'
[2026-05-22T03:15:17.771+0000] {taskinstance.py:1138} INFO - Marking task as FAILED. dag_id=music_processing, task_id=verify_metadata, execution_date=20260522T031113, start_date=20260522T031517, end_date=20260522T031517
[2026-05-22T03:15:17.778+0000] {standard_task_runner.py:107} ERROR - Failed to execute job 52 for task verify_metadata (No module named 'mutagen'; 73)
[2026-05-22T03:15:17.819+0000] {local_task_job_runner.py:234} INFO - Task exited with return code 1
[2026-05-22T03:15:17.835+0000] {taskinstance.py:3280} INFO - 0 downstream tasks scheduled from follow-on schedule check
