[2026-05-20T05:12:08.495+0000] {taskinstance.py:1956} INFO - Dependencies all met for dep_context=non-requeueable deps ti=<TaskInstance: music_processing.verify_metadata upload_c7a1c22b-0701-4cde-a5b4-e379e291c583 [queued]>
[2026-05-20T05:12:08.500+0000] {taskinstance.py:1956} INFO - Dependencies all met for dep_context=requeueable deps ti=<TaskInstance: music_processing.verify_metadata upload_c7a1c22b-0701-4cde-a5b4-e379e291c583 [queued]>
[2026-05-20T05:12:08.501+0000] {taskinstance.py:2170} INFO - Starting attempt 1 of 3
[2026-05-20T05:12:08.508+0000] {taskinstance.py:2191} INFO - Executing <Task(PythonOperator): verify_metadata> on 2026-05-20 05:12:07.967909+00:00
[2026-05-20T05:12:08.511+0000] {standard_task_runner.py:60} INFO - Started process 121 to run task
[2026-05-20T05:12:08.514+0000] {standard_task_runner.py:87} INFO - Running: ['airflow', 'tasks', 'run', 'music_processing', 'verify_metadata', 'upload_c7a1c22b-0701-4cde-a5b4-e379e291c583', '--job-id', '35', '--raw', '--subdir', 'DAGS_FOLDER/music_processing_dag.py', '--cfg-path', '/tmp/tmpjzx5c7ke']
[2026-05-20T05:12:08.514+0000] {standard_task_runner.py:88} INFO - Job 35: Subtask verify_metadata
[2026-05-20T05:12:08.560+0000] {task_command.py:423} INFO - Running <TaskInstance: music_processing.verify_metadata upload_c7a1c22b-0701-4cde-a5b4-e379e291c583 [running]> on host 82f4cab10e47
[2026-05-20T05:12:08.612+0000] {taskinstance.py:2480} INFO - Exporting env vars: AIRFLOW_CTX_DAG_OWNER='airflow' AIRFLOW_CTX_DAG_ID='music_processing' AIRFLOW_CTX_TASK_ID='verify_metadata' AIRFLOW_CTX_EXECUTION_DATE='2026-05-20T05:12:07.967909+00:00' AIRFLOW_CTX_TRY_NUMBER='1' AIRFLOW_CTX_DAG_RUN_ID='upload_c7a1c22b-0701-4cde-a5b4-e379e291c583'
[2026-05-20T05:12:08.613+0000] {music_processing_dag.py:72} INFO - Verifying metadata for track c7a1c22b-0701-4cde-a5b4-e379e291c583, file tracks/c7a1c22b-0701-4cde-a5b4-e379e291c583/03 My Boy.m4a
[2026-05-20T05:12:08.824+0000] {taskinstance.py:2698} ERROR - Task failed with exception
Traceback (most recent call last):
  File "/home/airflow/.local/lib/python3.8/site-packages/airflow/models/taskinstance.py", line 433, in _execute_task
    result = execute_callable(context=context, **execute_callable_kwargs)
  File "/home/airflow/.local/lib/python3.8/site-packages/airflow/operators/python.py", line 199, in execute
    return_value = self.execute_callable()
  File "/home/airflow/.local/lib/python3.8/site-packages/airflow/operators/python.py", line 216, in execute_callable
    return self.python_callable(*self.op_args, **self.op_kwargs)
  File "/opt/airflow/dags/music_processing_dag.py", line 83, in task_verify_metadata
    from mutagen import File as MutagenFile
ModuleNotFoundError: No module named 'mutagen'
[2026-05-20T05:12:08.834+0000] {taskinstance.py:1138} INFO - Marking task as UP_FOR_RETRY. dag_id=music_processing, task_id=verify_metadata, execution_date=20260520T051207, start_date=20260520T051208, end_date=20260520T051208
[2026-05-20T05:12:08.840+0000] {standard_task_runner.py:107} ERROR - Failed to execute job 35 for task verify_metadata (No module named 'mutagen'; 121)
[2026-05-20T05:12:08.886+0000] {local_task_job_runner.py:234} INFO - Task exited with return code 1
[2026-05-20T05:12:08.900+0000] {taskinstance.py:3280} INFO - 0 downstream tasks scheduled from follow-on schedule check
