[2026-05-20T03:57:28.326+0000] {taskinstance.py:1956} INFO - Dependencies all met for dep_context=non-requeueable deps ti=<TaskInstance: music_processing.verify_metadata upload_9949bf2a-9350-4219-a573-e0f0bd1a00d7 [queued]>
[2026-05-20T03:57:28.333+0000] {taskinstance.py:1956} INFO - Dependencies all met for dep_context=requeueable deps ti=<TaskInstance: music_processing.verify_metadata upload_9949bf2a-9350-4219-a573-e0f0bd1a00d7 [queued]>
[2026-05-20T03:57:28.333+0000] {taskinstance.py:2170} INFO - Starting attempt 1 of 3
[2026-05-20T03:57:28.340+0000] {taskinstance.py:2191} INFO - Executing <Task(PythonOperator): verify_metadata> on 2026-05-20 03:57:27.257497+00:00
[2026-05-20T03:57:28.345+0000] {standard_task_runner.py:60} INFO - Started process 113 to run task
[2026-05-20T03:57:28.347+0000] {standard_task_runner.py:87} INFO - Running: ['airflow', 'tasks', 'run', 'music_processing', 'verify_metadata', 'upload_9949bf2a-9350-4219-a573-e0f0bd1a00d7', '--job-id', '31', '--raw', '--subdir', 'DAGS_FOLDER/music_processing_dag.py', '--cfg-path', '/tmp/tmpwo9zgmhx']
[2026-05-20T03:57:28.348+0000] {standard_task_runner.py:88} INFO - Job 31: Subtask verify_metadata
[2026-05-20T03:57:28.390+0000] {task_command.py:423} INFO - Running <TaskInstance: music_processing.verify_metadata upload_9949bf2a-9350-4219-a573-e0f0bd1a00d7 [running]> on host 82f4cab10e47
[2026-05-20T03:57:28.444+0000] {taskinstance.py:2480} INFO - Exporting env vars: AIRFLOW_CTX_DAG_OWNER='airflow' AIRFLOW_CTX_DAG_ID='music_processing' AIRFLOW_CTX_TASK_ID='verify_metadata' AIRFLOW_CTX_EXECUTION_DATE='2026-05-20T03:57:27.257497+00:00' AIRFLOW_CTX_TRY_NUMBER='1' AIRFLOW_CTX_DAG_RUN_ID='upload_9949bf2a-9350-4219-a573-e0f0bd1a00d7'
[2026-05-20T03:57:28.445+0000] {music_processing_dag.py:72} INFO - Verifying metadata for track 9949bf2a-9350-4219-a573-e0f0bd1a00d7, file tracks/9949bf2a-9350-4219-a573-e0f0bd1a00d7/2-03 Celebration.m4a
[2026-05-20T03:57:28.949+0000] {taskinstance.py:2698} ERROR - Task failed with exception
Traceback (most recent call last):
  File "/home/airflow/.local/lib/python3.8/site-packages/airflow/models/taskinstance.py", line 433, in _execute_task
    result = execute_callable(context=context, **execute_callable_kwargs)
  File "/home/airflow/.local/lib/python3.8/site-packages/airflow/operators/python.py", line 199, in execute
    return_value = self.execute_callable()
  File "/home/airflow/.local/lib/python3.8/site-packages/airflow/operators/python.py", line 216, in execute_callable
    return self.python_callable(*self.op_args, **self.op_kwargs)
  File "/opt/airflow/dags/music_processing_dag.py", line 83, in task_verify_metadata
    from mutagen import File as MutagenFile
ModuleNotFoundError: No module named 'mutagen'
[2026-05-20T03:57:28.959+0000] {taskinstance.py:1138} INFO - Marking task as UP_FOR_RETRY. dag_id=music_processing, task_id=verify_metadata, execution_date=20260520T035727, start_date=20260520T035728, end_date=20260520T035728
[2026-05-20T03:57:28.966+0000] {standard_task_runner.py:107} ERROR - Failed to execute job 31 for task verify_metadata (No module named 'mutagen'; 113)
[2026-05-20T03:57:29.002+0000] {local_task_job_runner.py:234} INFO - Task exited with return code 1
[2026-05-20T03:57:29.020+0000] {taskinstance.py:3280} INFO - 0 downstream tasks scheduled from follow-on schedule check
