[2026-05-20T00:35:51.845+0000] {taskinstance.py:1956} INFO - Dependencies all met for dep_context=non-requeueable deps ti=<TaskInstance: music_processing.verify_metadata upload_090eea48-0ff7-4ee2-bb3d-2ba6a6a698d8 [queued]>
[2026-05-20T00:35:51.851+0000] {taskinstance.py:1956} INFO - Dependencies all met for dep_context=requeueable deps ti=<TaskInstance: music_processing.verify_metadata upload_090eea48-0ff7-4ee2-bb3d-2ba6a6a698d8 [queued]>
[2026-05-20T00:35:51.851+0000] {taskinstance.py:2170} INFO - Starting attempt 2 of 3
[2026-05-20T00:35:51.860+0000] {taskinstance.py:2191} INFO - Executing <Task(PythonOperator): verify_metadata> on 2026-05-20 00:21:13.723784+00:00
[2026-05-20T00:35:51.861+0000] {taskinstance.py:1946} INFO - Dependencies not met for <TaskInstance: music_processing.verify_metadata upload_090eea48-0ff7-4ee2-bb3d-2ba6a6a698d8 [running]>, dependency 'Task Instance Not Running' FAILED: Task is in the running state
[2026-05-20T00:35:51.866+0000] {taskinstance.py:1946} INFO - Dependencies not met for <TaskInstance: music_processing.verify_metadata upload_090eea48-0ff7-4ee2-bb3d-2ba6a6a698d8 [running]>, dependency 'Task Instance State' FAILED: Task is in the 'running' state.
[2026-05-20T00:35:51.865+0000] {standard_task_runner.py:60} INFO - Started process 62 to run task
[2026-05-20T00:35:51.870+0000] {local_task_job_runner.py:160} INFO - Task is not able to be run
[2026-05-20T00:35:51.869+0000] {standard_task_runner.py:87} INFO - Running: ['airflow', 'tasks', 'run', 'music_processing', 'verify_metadata', 'upload_090eea48-0ff7-4ee2-bb3d-2ba6a6a698d8', '--job-id', '5', '--raw', '--subdir', 'DAGS_FOLDER/music_processing_dag.py', '--cfg-path', '/tmp/tmpdg6tj7ym']
[2026-05-20T00:35:51.870+0000] {standard_task_runner.py:88} INFO - Job 5: Subtask verify_metadata
[2026-05-20T00:35:51.927+0000] {task_command.py:423} INFO - Running <TaskInstance: music_processing.verify_metadata upload_090eea48-0ff7-4ee2-bb3d-2ba6a6a698d8 [running]> on host 82f4cab10e47
[2026-05-20T00:35:51.989+0000] {taskinstance.py:2480} INFO - Exporting env vars: AIRFLOW_CTX_DAG_OWNER='airflow' AIRFLOW_CTX_DAG_ID='music_processing' AIRFLOW_CTX_TASK_ID='verify_metadata' AIRFLOW_CTX_EXECUTION_DATE='2026-05-20T00:21:13.723784+00:00' AIRFLOW_CTX_TRY_NUMBER='2' AIRFLOW_CTX_DAG_RUN_ID='upload_090eea48-0ff7-4ee2-bb3d-2ba6a6a698d8'
[2026-05-20T00:35:51.990+0000] {music_processing_dag.py:72} INFO - Verifying metadata for track 090eea48-0ff7-4ee2-bb3d-2ba6a6a698d8, file tracks/090eea48-0ff7-4ee2-bb3d-2ba6a6a698d8/01 クリスマスソング.mp3
[2026-05-20T00:35:52.670+0000] {taskinstance.py:2698} ERROR - Task failed with exception
Traceback (most recent call last):
  File "/home/airflow/.local/lib/python3.8/site-packages/airflow/models/taskinstance.py", line 433, in _execute_task
    result = execute_callable(context=context, **execute_callable_kwargs)
  File "/home/airflow/.local/lib/python3.8/site-packages/airflow/operators/python.py", line 199, in execute
    return_value = self.execute_callable()
  File "/home/airflow/.local/lib/python3.8/site-packages/airflow/operators/python.py", line 216, in execute_callable
    return self.python_callable(*self.op_args, **self.op_kwargs)
  File "/opt/airflow/dags/music_processing_dag.py", line 83, in task_verify_metadata
    from mutagen import File as MutagenFile
ModuleNotFoundError: No module named 'mutagen'
[2026-05-20T00:35:52.680+0000] {taskinstance.py:1138} INFO - Marking task as UP_FOR_RETRY. dag_id=music_processing, task_id=verify_metadata, execution_date=20260520T002113, start_date=20260520T003551, end_date=20260520T003552
[2026-05-20T00:35:52.689+0000] {standard_task_runner.py:107} ERROR - Failed to execute job 5 for task verify_metadata (No module named 'mutagen'; 62)
[2026-05-20T00:35:52.723+0000] {local_task_job_runner.py:234} INFO - Task exited with return code 1
[2026-05-20T00:35:52.740+0000] {taskinstance.py:3280} INFO - 0 downstream tasks scheduled from follow-on schedule check
